[?7h[40m[2J[0;36mÚÄÄÄÄÄÄÄÄÄÄÄÄÄÄÄÄÄÄÄÄÄÄÄÄÄÄÄÄÄÄÄÄÄÄÄÄÄÄÄÄÄÄÄÄÄÄÄÄÄÄÄÄÄÄÄÄÄÄÄÄÄÄÄÄÄÄÄÄÄÄÄÄÄÄÄÄÄ¿
³[44m                  [1mRenegade Bulletin Board Sysop Upgrade                      [0;36m³
ÀÄÄÄÄÄÄÄÄÄÄÄÄÄÄÄÄÄÄÄÄÄÄÄÄÄÄÄÄÄÄÄÄÄÄÄÄÄÄÄÄÄÄÄÄÄÄÄÄÄÄÄÄÄÄÄÄÄÄÄÄÄÄÄÄÄÄÄÄÄÄÄÄÄÄÄÄÄÙ
 [1;30mÜ[0mÜ[1mÜÜÜÜ[0mÜ[1;30mÜ    [0;36mÚÄÄÄÄÄÄÄÄÄÄÄÄÄÄÄÄÄÄÄÄÄÄÄÄÄÄÄÄÄÄÄÄÄÄÄÄÄÄÄÄÄÄÄÄÄÄÄÄÄÄÄ¿    [1;30mÜ[0mÜ[1mÜÜÜÜ[0mÜ[1;30mÜ
  Ü[0mÜ[1mÜÜ[0mÜ[1;30mÜ[5C[0;36m³[44m   [1mWelcome to the Renegade Bulletin Board System   [0;36m³[5C[1;30mÜ[0mÜ[1mÜÜ[0mÜ[1;30mÜ
  Ü[0mÜ[1mÜÜ[0mÜ[1;30mÜ[5C[0;36mÃÄÄÄÄÄÄÄÄÄÄÄÄÄÄÄÄÄÄÄÄÄÄÄÄÄÄÄÄÄÄÄÄÄÄÄÄÄÄÄÄÄÄÄÄÄÄÄÄÄÄÄ´[5C[1;30mÜ[0mÜ[1mÜÜ[0mÜ[1;30mÜ
  Û[0mÛ[1mÛÛ[0mÛ[1;30mÛ[5C[0;36m³[51C³[5C[1;30mÛ[0mÛ[1mÛÛ[0mÛ[1;30mÛ
  Û[0mÛ[1mÛÛ[0mÛ[1;30mÛ[5C[0;36m³[51C³[5C[1;30mÛ[0mÛ[1mÛÛ[0mÛ[1;30mÛ
  Û[0mÛ[1mÛÛ[0mÛ[1;30mÛ[5C[0;36m³[51C³[5C[1;30mÛ[0mÛ[1mÛÛ[0mÛ[1;30mÛ
  Û[0mÛ[1mÛÛ[0mÛ[1;30mÛ[5C[0;36m³[51C³[5C[1;30mÛ[0mÛ[1mÛÛ[0mÛ[1;30mÛ
  Û[0mÛ[1mÛÛ[0mÛ[1;30mÛ[5C[0;36m³[51C³[5C[1;30mÛ[0mÛ[1mÛÛ[0mÛ[1;30mÛ
  Û[0mÛ[1mÛÛ[0mÛ[1;30mÛ[5C[0;36m³[51C³[5C[1;30mÛ[0mÛ[1mÛÛ[0mÛ[1;30mÛ
  Û[0mÛ[1mÛÛ[0mÛ[1;30mÛ[5C[0;36m³[51C³[5C[1;30mÛ[0mÛ[1mÛÛ[0mÛ[1;30mÛ
  Û[0mÛ[1mÛÛ[0mÛ[1;30mÛ[5C[0;36m³[51C³[5C[1;30mÛ[0mÛ[1mÛÛ[0mÛ[1;30mÛ
  Û[0mÛ[1mÛÛ[0mÛ[1;30mÛ[5C[0;36mÀÄÄÄÄÄÄÄÄÄÄÄÄÄÄÄÄÄÄÄÄÄÄÄÄÄÄÄÄÄÄÄÄÄÄÄÄÄÄÄÄÄÄÄÄÄÄÄÄÄÄÄÙ[5C[1;30mÛ[0mÛ[1mÛÛ[0mÛ[1;30mÛ
  Û[0mÛ[1mÛÛ[0mÛ[1;30mÛ[63CÛ[0mÛ[1mÛÛ[0mÛ[1;30mÛ
  Ü[0mÜ[1mÜÜ[0mÜ[1;30mÜ    Ü[47mß [37mßßßßßßßßßßßßßßßßßßßßßßßßßßßßßßßßßßßßßßßßßßßßßßßßß [30mß[40mÜ    Ü[0mÜ[1mÜÜ[0mÜ[1;30mÜ
 Ü[0mÜ[1mÜÜÜÜ[0mÜ[1;30mÜ Ü[47mß [37mßßßßßßßßßßßßßßßßßßßßßßßßßßßßßßßßßßßßßßßßßßßßßßßßßßßßß [30mß[40mÜ Ü[0mÜ[1mÜÜÜÜ[0mÜ[1;30mÜ
[0m
